--- Log started at 2025-05-15 11:21:50 ---
Model: model5 (self trained 3).pt, Video Source: input videos/front.mp4, Confidence Threshold: 0.25
Frame,Timestamp,Class,Confidence,X1,Y1,X2,Y2
555,18.467,snelheidsbord,0.5685,714,20,748,78
570,18.967,stop,0.5690,756,0,800,63
585,19.467,snelheidsbord,0.4721,810,6,848,50
615,20.467,auto,0.3114,490,161,511,175
780,25.967,auto,0.3232,52,159,79,182
825,27.467,linksaf,0.4225,39,107,68,133
840,27.967,linksaf,0.7120,72,101,102,129
855,28.467,linksaf,0.8048,124,99,155,128
855,28.467,auto,0.4927,0,153,21,193
855,28.467,auto,0.3884,0,151,22,214
870,28.967,linksaf,0.8227,212,95,245,126
870,28.967,snelheidsbord,0.2960,211,95,245,126
885,29.467,linksaf,0.7656,297,90,329,122
900,29.967,linksaf,0.8361,371,78,406,114
915,30.467,linksaf,0.9221,449,65,492,108
930,30.967,linksaf,0.7514,512,49,559,98
930,30.967,snelheidsbord,0.3779,512,48,560,98
945,31.467,linksaf,0.8352,601,25,654,84
960,31.967,snelheidsbord,0.7645,783,0,847,52
960,31.967,linksaf,0.4635,782,0,846,53
960,31.967,rood,0.4332,278,143,285,153
975,32.467,auto,0.4752,690,152,720,174
1005,33.467,rood,0.3097,741,129,749,142
1125,37.467,snelheidsbord,0.2545,572,150,583,162
1155,38.467,auto,0.4523,727,158,765,180
1155,38.467,rood,0.2826,513,129,523,145
1185,39.467,auto,0.4649,614,154,648,177
1185,39.467,rood,0.3466,399,126,410,142
1200,39.967,auto,0.6324,621,151,657,177
1200,39.967,rood,0.3295,402,123,413,139
1215,40.467,auto,0.5357,626,152,663,177
1230,40.967,auto,0.6012,608,152,645,178
1245,41.467,rood,0.5082,370,113,382,130
1245,41.467,auto,0.4936,609,151,645,177
1260,41.967,auto,0.5383,621,150,658,175
1260,41.967,rood,0.3302,374,109,387,128
1275,42.467,auto,0.5435,652,151,692,178
1275,42.467,rood,0.3957,395,108,410,129
1290,42.967,rood,0.4337,466,103,481,125
1290,42.967,auto,0.4096,736,151,782,179
1305,43.467,auto,0.4684,824,153,848,178
1305,43.467,rood,0.4065,544,90,562,116
1320,43.967,rood,0.4449,633,80,653,108
1335,44.467,rood,0.3633,719,67,744,102
1350,44.967,groen,0.3660,786,54,811,92
1350,44.967,rood,0.3464,786,53,812,92
1365,45.467,groen,0.4183,787,39,814,84
1365,45.467,rood,0.3346,787,39,814,83
1380,45.967,groen,0.6882,786,10,813,60
1395,46.467,groen,0.6629,810,0,840,39
1425,47.467,auto,0.6709,753,142,830,182
1440,47.967,auto,0.5585,740,144,819,183
1455,48.467,auto,0.6543,748,142,831,183
1455,48.467,groen,0.3421,164,97,187,123
1470,48.967,auto,0.6661,703,145,787,188
1485,49.467,auto,0.6843,590,147,667,187
1500,49.967,auto,0.4189,453,147,524,185
1515,50.467,auto,0.6966,297,147,374,186
1530,50.967,auto,0.5397,118,142,206,185
1575,52.467,stop,0.4032,468,69,508,107
1605,53.467,linksaf,0.7294,338,91,369,117
1605,53.467,stop,0.3829,500,36,553,86
1620,53.967,stop,0.7676,522,0,588,61
1620,53.967,linksaf,0.7242,332,78,361,103
1635,54.467,linksaf,0.6416,343,68,383,97
1635,54.467,stop,0.4255,583,0,674,28
1650,54.967,linksaf,0.8346,408,49,455,84
1665,55.467,linksaf,0.7679,510,24,565,62
1665,55.467,linksaf,0.3151,508,2,568,62
1680,55.967,linksaf,0.2861,659,0,739,25
1725,57.467,auto,0.7782,0,124,100,207
1725,57.467,linksaf,0.2500,779,0,848,33
1740,57.967,auto,0.8418,145,118,248,202
1755,58.467,auto,0.8246,270,119,369,199
1770,58.967,auto,0.8170,308,118,414,201
1785,59.467,auto,0.8029,327,117,442,202
1800,59.967,auto,0.7779,354,112,488,210
1815,60.467,auto,0.8284,354,97,501,214
1830,60.967,auto,0.8825,450,91,618,219
1845,61.467,auto,0.9041,605,71,832,227
1845,61.467,auto,0.7200,609,0,837,234
1860,61.967,auto,0.5549,792,82,845,255
1920,63.967,auto,0.3242,798,129,846,286
2190,72.967,snelheidsbord,0.7844,0,82,18,117
2205,73.467,snelheidsbord,0.8572,84,78,122,115
2220,73.967,snelheidsbord,0.7926,190,71,229,108
2235,74.467,snelheidsbord,0.8475,277,56,320,98
2250,74.967,snelheidsbord,0.8424,359,33,408,82
2250,74.967,linksaf,0.3574,35,112,52,132
2265,75.467,snelheidsbord,0.8320,473,2,528,62
2265,75.467,linksaf,0.3606,135,113,153,133
2280,75.967,snelheidsbord,0.5593,614,0,676,21
2430,80.967,stop,0.3673,702,112,715,126
2430,80.967,stop,0.3470,785,111,795,125
2445,81.467,rood,0.2517,38,143,49,156
2460,81.967,rood,0.5659,157,140,166,152
2475,82.467,rood,0.3666,257,139,268,152
2505,83.467,rood,0.3071,404,136,413,151
2550,84.967,rood,0.4412,441,131,452,146
2595,86.467,rood,0.4923,465,124,477,141
2610,86.967,rood,0.5134,469,123,481,139
2625,87.467,rood,0.3686,474,122,488,139
2640,87.967,rood,0.3900,479,118,493,137
2655,88.467,rood,0.4938,486,114,499,133
2670,88.967,rood,0.3875,494,110,508,129
2700,89.967,rood,0.3643,512,100,530,123
2715,90.467,rood,0.4048,519,87,535,110
2745,91.467,groen,0.7498,547,74,566,104
2760,91.967,groen,0.7333,567,58,588,93
2775,92.467,groen,0.7384,590,37,614,77
2790,92.967,groen,0.7344,630,6,659,57
2805,93.467,groen,0.4725,694,0,730,31
2850,94.967,linksaf,0.2856,176,100,196,120
2880,95.967,linksaf,0.5855,131,88,154,115
2910,96.967,linksaf,0.6530,57,67,90,107
2925,97.467,linksaf,0.3596,1,55,36,99
--- Log ended at 2025-05-15 11:22:32 ---
